[2025-11-27 10:34:26,114][__main__][INFO] - Loaded configuration:
dataset:
  name: setupA
  type: synthetic_surrogate
  propensity_E: sin
  propensity_O: exp
  dim_x: 10
  n_e: 20000
  n_o: 50000
  sigma_s: 0.2
  sigma_y: 0.5
  seed: 0
model:
  name: t_learner
  backend: sklearn
  lambda_type: none
  num_crossfit: 3
  nuisances:
    h:
      type: xgboost
      crossfit: false
      parameters:
        n_estimators: 100
        max_depth: 5
        learning_rate: 0.1
        subsample: 0.8
        colsample_bytree: 0.8
    mu_0:
      type: lasso
      parameters:
        fit_intercept: false
    mu_1:
      type: lasso
      parameters:
        fit_intercept: false
  cate_regressor:
    type: xgboost
    parameters:
      n_estimators: 200
      max_depth: 5
      learning_rate: 0.05
      subsample: 0.8
      colsample_bytree: 0.8
trainer:
  max_epochs: 1
  eval_on: test
  metrics:
  - cate_mse
  save_predictions: true
seed: 2025
val_fraction: 0.15
test_fraction: 0.15

[2025-11-27 10:34:26,115][__main__][INFO] - Starting dataset simulation
[2025-11-27 10:34:26,115][src.utils][INFO] - Sampling dataset with configuration 'setupA'
[2025-11-27 10:34:26,128][__main__][INFO] - Training T-learner and associated nuisances
[2025-11-27 10:34:26,128][__main__][INFO] - Initializing T-learner model and building nuisance models
[2025-11-27 10:34:26,856][__main__][INFO] - Evaluating model performance using mean squared error
[2025-11-27 10:34:26,857][src.utils][INFO] - Predicting CATE on experimental covariates
[2025-11-27 10:34:26,878][src.utils][INFO] - Computed CATE MSE: 0.069998
[2025-11-27 10:34:26,879][__main__][INFO] - Final metrics: {'cate_mse': 0.06999824409596803}
